=== ERRORES ===
ES1 | $Opera | Linea 7 | Incompatibilidad de tipos, Tree (cadena)
ES2 | 3.14 | Linea 10 | Incompatibilidad de tipos, One (entero)
ES3 | "Hola" | Linea 11 | Incompatibilidad de tipos, Two (real)
ES4 | 42 | Linea 12 | Incompatibilidad de tipos, Tree (cadena)
ES5 | $Cuatro | Linea 13 | Incompatibilidad de tipos, One (entero)
ES6 | $NoExiste | Linea 14 | Variable indefinida
ES7 | $OtraInexistente | Linea 15 | Variable indefinida
ES8 | $FuncNoExiste | Linea 16 | Función indefinida
ES9 | 2 | Linea 16 | Incompatibilidad de tipos, Tree (cadena)
Total: 9
